6
<<<<<<< HEAD
=======
8
>>>>>>> d68aeae57ff6fd3d10adab4bd85b031b409a0028
