<<<<<<< HEAD
hello world

=======
hello world
>>>>>>> d68aeae57ff6fd3d10adab4bd85b031b409a0028
